// Jest Snapshot v1, https://goo.gl/fbAQLP

exports[`create info node 1`] = `
Object {
  "basePath": "/v2",
  "children": Array [],
  "consumes": undefined,
  "contact": Object {
    "email": "apiteam@swagger.io",
  },
  "description": "This is a sample server Petstore server.  You can find out more about Swagger at [http://swagger.io](http://swagger.io) or on [irc.freenode.net, #swagger](http://swagger.io/irc/).  For this sample, you can use the api key \`special-key\` to test the authorization filters.",
  "host": "petstore.swagger.io",
  "id": "parentFile.relativePath Swagger Petstore 1.0.5",
  "internal": Object {
    "content": "",
    "contentDigest": "HashString",
    "type": "SwaggerOpenApiInfo",
  },
  "license": Object {
    "name": "Apache 2.0",
    "url": "http://www.apache.org/licenses/LICENSE-2.0.html",
  },
  "name": "parentFile.relativePath",
  "parent": "parentFile.id",
  "produces": undefined,
  "schemes": Array [
    "https",
    "http",
  ],
  "swagger": "2.0",
  "tags": Array [
    Object {
      "description": "Everything about your Pets",
      "externalDocs": Object {
        "description": "Find out more",
        "url": "http://swagger.io",
      },
      "name": "pet",
    },
    Object {
      "description": "Access to Petstore orders",
      "name": "store",
    },
    Object {
      "description": "Operations about user",
      "externalDocs": Object {
        "description": "Find out more about our store",
        "url": "http://swagger.io",
      },
      "name": "user",
    },
  ],
  "termsOfService": "http://swagger.io/terms/",
  "title": "Swagger Petstore",
  "version": "1.0.5",
}
`;
