// Jest Snapshot v1, https://goo.gl/fbAQLP

exports[`manifest-docs.json content 1`] = `
Object {
  "homePage": "DevRel/parliament-docs/master/README.md",
  "order": 0,
  "pages": Array [
    Object {
      "pages": Array [
        Object {
          "pages": Array [],
          "path": "DevRel/parliament-docs/master/onboarding.md",
          "title": "Onboarding",
        },
      ],
      "path": "DevRel/parliament-docs/master/README.md",
      "title": "Overview",
    },
    Object {
      "pages": Array [],
      "path": "DevRel/parliament-docs/master/.github/CONTRIBUTING.md",
      "title": "Contributing",
    },
  ],
  "section": "Parliament Site",
  "title": "Parliament Site",
}
`;
